[www.sunnsandhotel.com/index.html]
[backblue.gif]
[fade.gif]
[index.html]
[maxcdn.bootstrapcdn.com/bootstrap/3.3.7/css/bootstrap.min.css]
[code.ionicframework.com/ionicons/2.0.1/css/ionicons.min.css]
[www.sunnsandhotel.com/css/font-awesome.min.css]
[www.sunnsandhotel.com/css/style.css]
[cdnjs.cloudflare.com/ajax/libs/jquery/3.2.1/jquery.min.js]
[secure.staah.com/cal/js/jquery-ui.js]
[code.jquery.com/ui/1.12.1/themes/base/jquery-ui.css]
[dec1osz9a7g7e.cloudfront.net/sun_n_sand_shirdi_sun_n_sand_shirdi_favicon.png]
[www.sunnsandhotel.com/index-2.html]
[www.sunnsandhotel.com/images/logo.png]
[www.sunnsandhotel.com/accommodation.html]
[www.sunnsandhotel.com/f-n-b.html]
[www.sunnsandhotel.com/shirdi/index.html]
[www.sunnsandhotel.com/banquets.html]
[www.sunnsandhotel.com/planawedding.html]
[www.sunnsandhotel.com/promotions.html]
[www.sunnsandhotel.com/gallery.html]
[www.sunnsandhotel.com/contact.html]
[www.sunnsandhotel.com/video/476782809.mp4]
[www.sunnsandhotel.com/about.html]
[dec1osz9a7g7e.cloudfront.net/Sun_n_Sand_beta_Sun_n_Sand_beta_faci1.jpg]
[dec1osz9a7g7e.cloudfront.net/Sun_n_Sand_beta_Sun_n_Sand_beta_faci2.jpg]
[dec1osz9a7g7e.cloudfront.net/Sun_n_Sand_beta_Sun_n_Sand_beta_faci4.jpg]
[dec1osz9a7g7e.cloudfront.net/Sun_n_Sand_beta_Sun_n_Sand_beta_faci3.jpg]
[dec1osz9a7g7e.cloudfront.net/Sun_n_Sand_beta_Sun_n_Sand_beta_faci5.jpg]
[dec1osz9a7g7e.cloudfront.net/Sun_n_Sand_beta_Sun_n_Sand_beta_aqua2.jpg]
[dec1osz9a7g7e.cloudfront.net/Sun_n_Sand_beta_Sun_n_Sand_beta_del1.jpg]
[dec1osz9a7g7e.cloudfront.net/Sun_n_Sand_beta_Sun_n_Sand_beta_ancha1.jpg]
[dec1osz9a7g7e.cloudfront.net/Sun_n_Sand_beta_Sun_n_Sand_beta_extraimg1.jpg]
[dec1osz9a7g7e.cloudfront.net/Sun_n_Sand_beta_Sun_n_Sand_beta_sandgrp.png]
[www.sunnsandhotel.com/images/logo-dark.png]
[maxcdn.bootstrapcdn.com/bootstrap/3.3.7/js/bootstrap.min.js]
[cdnjs.cloudflare.com/ajax/libs/fancybox/2.1.7/js/jquery.fancybox.min.js]
[cdnjs.cloudflare.com/ajax/libs/fancybox/2.1.7/css/jquery.fancybox.min.css]
[www.sunnsandhotel.com/js/wow.js]
[www.sunnsandhotel.com/js/parallax.js]
[www.sunnsandhotel.com/js/main.js]
[www.sunnsandhotel.com/index.html]
[maxcdn.bootstrapcdn.com/bootstrap/3.3.7/css/bootstrap.min.css]
[code.ionicframework.com/ionicons/2.0.1/css/ionicons.min.css]
[www.sunnsandhotel.com/fonts/fontawesome-webfont3e6e.eot]
[www.sunnsandhotel.com/fonts/fontawesome-webfontd41d.eot]
[www.sunnsandhotel.com/css/font-awesome.min.css]
[www.sunnsandhotel.com/css/animate.css]
[www.sunnsandhotel.com/fonts/eot/BebasNeue-Regular.eot]
[www.sunnsandhotel.com/fonts/woff-cffbased/BebasNeue-Regular.woff]
[www.sunnsandhotel.com/images/accomodation.jpg]
[www.sunnsandhotel.com/images/dining.jpg]
[www.sunnsandhotel.com/images/banquets.jpg]
[dec1osz9a7g7e.cloudfront.net/Sun_n_Sand_beta_Sun_n_Sand_beta_scrolldown.png]
[dec1osz9a7g7e.cloudfront.net/Sun_n_Sand_beta_Sun_n_Sand_beta_cal.png]
[www.sunnsandhotel.com/css/style.css]
[code.jquery.com/ui/1.12.1/themes/base/images/ui-icons_444444_256x240.png]
[code.jquery.com/ui/1.12.1/themes/base/images/ui-icons_555555_256x240.png]
[code.jquery.com/ui/1.12.1/themes/base/images/ui-icons_ffffff_256x240.png]
[code.jquery.com/ui/1.12.1/themes/base/images/ui-icons_777620_256x240.png]
[code.jquery.com/ui/1.12.1/themes/base/images/ui-icons_cc0000_256x240.png]
[code.jquery.com/ui/1.12.1/themes/base/images/ui-icons_777777_256x240.png]
[code.jquery.com/ui/1.12.1/themes/base/jquery-ui.css]
[www.sunnsandhotel.com/index-2.html]
[www.sunnsandhotel.com/css/innerpage.css]
[www.sunnsandhotel.com/shirdi/css/font-awesome.min.css]
[www.sunnsandhotel.com/shirdi/css/animate.css]
[www.sunnsandhotel.com/shirdi/css/style.css]
[www.sunnsandhotel.com/shirdi/index-2.html]
[www.sunnsandhotel.com/shirdi/images/logo.png]
[www.sunnsandhotel.com/shirdi/accommodation.html]
[www.sunnsandhotel.com/shirdi/f-n-b.html]
[www.sunnsandhotel.com/shirdi/banquets.html]
[www.sunnsandhotel.com/shirdi/promotions.html]
[www.sunnsandhotel.com/shirdi/gallery.html]
[www.sunnsandhotel.com/shirdi/contact.html]
[dec1osz9a7g7e.cloudfront.net/sun_n_sand_shirdi_sun_n_sand_shirdi_banner.jpg]
[www.sunnsandhotel.com/shirdi/about.html]
[cms.staah.net/sun_n_sand_shirdi/images/f8f327b7cdaa215c4a1813c1a2c2e5d2.jpg]
[dec1osz9a7g7e.cloudfront.net/sun_n_sand_shirdi_sun_n_sand_shirdi_checkers_pg1.jpg]
[dec1osz9a7g7e.cloudfront.net/sun_n_sand_shirdi_sun_n_sand_shirdi_little_italy1.jpg]
[www.sunnsandhotel.com/shirdi/images/1a8cfc4f08e145303de0c3ae46f1ae23.jpg]
[www.sunnsandhotel.com/shirdi/images/7e65aee3a10b3b3db879766475574fe6.jpg]
[www.sunnsandhotel.com/shirdi/images/ed6cf19fc97a8867f80574c75ce9ec14.jpg]
[dec1osz9a7g7e.cloudfront.net/sun_n_sand_shirdi_sun_n_sand_shirdi_hm_g1.jpg]
[dec1osz9a7g7e.cloudfront.net/sun_n_sand_shirdi_sun_n_sand_shirdi_hm_g2.jpg]
[dec1osz9a7g7e.cloudfront.net/sun_n_sand_shirdi_sun_n_sand_shirdi_hm_g3.jpg]
[dec1osz9a7g7e.cloudfront.net/sun_n_sand_shirdi_sun_n_sand_shirdi_ftr_top_img2.jpg]
[dec1osz9a7g7e.cloudfront.net/sun_n_sand_shirdi_sun_n_sand_shirdi_ftr_top_img.png]
[www.sunnsandhotel.com/shirdi/images/logo-dark.png]
[www.sunnsandhotel.com/shirdi/js/wow.js]
[www.sunnsandhotel.com/shirdi/js/parallax.js]
[www.sunnsandhotel.com/shirdi/js/main.js]
[www.sunnsandhotel.com/shirdi/index.html]
[dec1osz9a7g7e.cloudfront.net/Sun_n_Sand_beta_Sun_n_Sand_beta_accomodation.jpg]
[dec1osz9a7g7e.cloudfront.net/Sun_n_Sand_beta_Sun_n_Sand_beta_sup1.jpg]
[dec1osz9a7g7e.cloudfront.net/Sun_n_Sand_beta_Sun_n_Sand_beta_prpv1.jpg]
[dec1osz9a7g7e.cloudfront.net/Sun_n_Sand_beta_Sun_n_Sand_beta_zoce1.jpg]
[dec1osz9a7g7e.cloudfront.net/Sun_n_Sand_beta_Sun_n_Sand_beta_exe1.jpg]
[dec1osz9a7g7e.cloudfront.net/Sun_n_Sand_beta_Sun_n_Sand_beta_dsov1.jpg]
[dec1osz9a7g7e.cloudfront.net/Sun_n_Sand_beta_Sun_n_Sand_beta_zbf1.jpg]
[www.sunnsandhotel.com/images/accommodation/sup1.jpg]
[www.sunnsandhotel.com/images/accommodation/sup2.jpg]
[www.sunnsandhotel.com/images/accommodation/sup3.jpg]
[www.sunnsandhotel.com/images/accommodation/sup4.jpg]
[www.sunnsandhotel.com/images/accommodation/sup5.jpg]
[www.sunnsandhotel.com/images/accommodation/sup6.jpg]
[www.sunnsandhotel.com/images/accommodation/sup7.jpg]
[www.sunnsandhotel.com/images/accommodation/sup8.jpg]
[www.sunnsandhotel.com/images/accommodation/sup9.jpg]
[www.sunnsandhotel.com/images/accommodation/sup10.jpg]
[www.sunnsandhotel.com/images/accommodation/sup11.jpg]
[www.sunnsandhotel.com/images/accommodation/sup12.jpg]
[www.sunnsandhotel.com/images/accommodation/zoce1.jpg]
[www.sunnsandhotel.com/images/accommodation/zoce2.jpg]
[www.sunnsandhotel.com/images/accommodation/exe1.jpg]
[www.sunnsandhotel.com/images/accommodation/exe2.jpg]
[www.sunnsandhotel.com/images/accommodation/exe3.jpg]
[www.sunnsandhotel.com/images/accommodation/exe4.jpg]
[www.sunnsandhotel.com/images/accommodation/exe5.jpg]
[www.sunnsandhotel.com/images/accommodation/exe6.jpg]
[www.sunnsandhotel.com/images/accommodation/del1.jpg]
[www.sunnsandhotel.com/images/accommodation/del2.jpg]
[www.sunnsandhotel.com/images/accommodation/del3.jpg]
[www.sunnsandhotel.com/images/accommodation/del4.jpg]
[www.sunnsandhotel.com/images/accommodation/del5.jpg]
[www.sunnsandhotel.com/images/accommodation/del6.jpg]
[www.sunnsandhotel.com/images/accommodation/del7.jpg]
[www.sunnsandhotel.com/images/accommodation/del8.jpg]
[www.sunnsandhotel.com/images/accommodation/del9.jpg]
[www.sunnsandhotel.com/images/accommodation/del10.jpg]
[www.sunnsandhotel.com/images/accommodation/del11.jpg]
[www.sunnsandhotel.com/images/accommodation/zbf1.jpg]
[www.sunnsandhotel.com/images/accommodation/zbf2.jpg]
[www.sunnsandhotel.com/images/accommodation/zbf3.jpg]
[www.sunnsandhotel.com/images/accommodation/zbf4.jpg]
[www.sunnsandhotel.com/images/accommodation/zbf5.jpg]
[www.sunnsandhotel.com/images/accommodation/prpv1.jpg]
[www.sunnsandhotel.com/images/accommodation/prpv2.jpg]
[www.sunnsandhotel.com/images/accommodation/prpv3.jpg]
[www.sunnsandhotel.com/images/accommodation/dsov1.jpg]
[www.sunnsandhotel.com/images/accommodation/dsov2.jpg]
[www.sunnsandhotel.com/images/accommodation/dsov3.jpg]
[www.sunnsandhotel.com/images/accommodation/dsov4.jpg]
[www.sunnsandhotel.com/images/accommodation/dsov5.jpg]
[www.sunnsandhotel.com/images/accommodation/dsov6.jpg]
[www.sunnsandhotel.com/images/accommodation/dsov7.jpg]
[www.sunnsandhotel.com/images/accommodation/dsov8.jpg]
[www.sunnsandhotel.com/accommodation.html]
[dec1osz9a7g7e.cloudfront.net/Sun_n_Sand_beta_Sun_n_Sand_beta_fb.jpg]
[dec1osz9a7g7e.cloudfront.net/Sun_n_Sand_beta_Sun_n_Sand_beta_aqua1.jpg]
[dec1osz9a7g7e.cloudfront.net/Sun_n_Sand_beta_Sun_n_Sand_beta_haochimainandpic.jpg]
[dec1osz9a7g7e.cloudfront.net/Sun_n_Sand_beta_Sun_n_Sand_beta_hat1.jpg]
[dec1osz9a7g7e.cloudfront.net/Sun_n_Sand_beta_Sun_n_Sand_beta_beach1.jpg]
[dec1osz9a7g7e.cloudfront.net/Sun_n_Sand_beta_Sun_n_Sand_beta_sunsetandlounge2.jpg]
[www.sunnsandhotel.com/images/fb/aqua1.jpg]
[www.sunnsandhotel.com/images/fb/aqua2.jpg]
[www.sunnsandhotel.com/images/fb/aqua3.jpg]
[www.sunnsandhotel.com/images/fb/aqua4.jpg]
[dec1osz9a7g7e.cloudfront.net/Sun_n_Sand_beta_Sun_n_Sand_beta_hatochi1.jpg]
[dec1osz9a7g7e.cloudfront.net/Sun_n_Sand_beta_Sun_n_Sand_beta_hatochi3.jpg]
[dec1osz9a7g7e.cloudfront.net/Sun_n_Sand_beta_Sun_n_Sand_beta_hatochi4.jpg]
[dec1osz9a7g7e.cloudfront.net/Sun_n_Sand_beta_Sun_n_Sand_beta_hatochi5.jpg]
[dec1osz9a7g7e.cloudfront.net/Sun_n_Sand_beta_Sun_n_Sand_beta_hatochi6.jpg]
[dec1osz9a7g7e.cloudfront.net/Sun_n_Sand_beta_Sun_n_Sand_beta_hatochi7.jpg]
[dec1osz9a7g7e.cloudfront.net/Sun_n_Sand_beta_Sun_n_Sand_beta_hatochi9.jpg]
[dec1osz9a7g7e.cloudfront.net/Sun_n_Sand_beta_Sun_n_Sand_beta_haochimenu3.jpg]
[dec1osz9a7g7e.cloudfront.net/Sun_n_Sand_beta_Sun_n_Sand_beta_haochimenu2.jpg]
[dec1osz9a7g7e.cloudfront.net/Sun_n_Sand_beta_Sun_n_Sand_beta_haochimenu1.jpg]
[dec1osz9a7g7e.cloudfront.net/Sun_n_Sand_beta_Sun_n_Sand_beta_hat2.jpg]
[www.sunnsandhotel.com/images/fb/kabab3.jpg]
[www.sunnsandhotel.com/images/fb/kabab4.jpg]
[www.sunnsandhotel.com/images/fb/beach1.jpg]
[www.sunnsandhotel.com/images/fb/beach2.jpg]
[www.sunnsandhotel.com/images/fb/beach3.jpg]
[dec1osz9a7g7e.cloudfront.net/Sun_n_Sand_beta_Sun_n_Sand_beta_sunsetandlounge1.jpg]
[www.sunnsandhotel.com/f-n-b.html]
[dec1osz9a7g7e.cloudfront.net/Sun_n_Sand_beta_Sun_n_Sand_beta_ban.jpg]
[dec1osz9a7g7e.cloudfront.net/Sun_n_Sand_beta_Sun_n_Sand_beta_jub1.jpg]
[dec1osz9a7g7e.cloudfront.net/Sun_n_Sand_beta_Sun_n_Sand_beta_anchb1.jpg]
[dec1osz9a7g7e.cloudfront.net/Sun_n_Sand_beta_Sun_n_Sand_beta_br1.jpg]
[dec1osz9a7g7e.cloudfront.net/Sun_n_Sand_beta_Sun_n_Sand_beta_wed2.jpg]
[www.sunnsandhotel.com/images/banquet/JUBILEE1.jpg]
[www.sunnsandhotel.com/images/banquet/JUBILEE2.jpg]
[www.sunnsandhotel.com/images/banquet/JUBILEE3.jpg]
[www.sunnsandhotel.com/images/banquet/JUBILEE4.jpg]
[www.sunnsandhotel.com/images/banquet/JUBILEE5.jpg]
[www.sunnsandhotel.com/images/banquet/JUBILEE6.jpg]
[www.sunnsandhotel.com/images/banquet/JUBILEE7.jpg]
[www.sunnsandhotel.com/images/banquet/JUBILEE8.jpg]
[www.sunnsandhotel.com/images/banquet/ancha1.jpg]
[www.sunnsandhotel.com/images/banquet/ancha2.jpg]
[www.sunnsandhotel.com/images/banquet/ancha3.jpg]
[www.sunnsandhotel.com/images/banquet/ARB1.jpg]
[www.sunnsandhotel.com/images/banquet/ARB2.jpg]
[www.sunnsandhotel.com/images/banquet/ARB3.jpg]
[www.sunnsandhotel.com/images/banquet/ARB4.jpg]
[www.sunnsandhotel.com/images/banquet/ARB5.jpg]
[www.sunnsandhotel.com/images/banquet/br1.jpg]
[www.sunnsandhotel.com/images/banquet/br2.jpg]
[www.sunnsandhotel.com/images/banquet/zbfr1.jpg]
[www.sunnsandhotel.com/images/banquet/zbfr2.jpg]
[www.sunnsandhotel.com/banquets.html]
[dec1osz9a7g7e.cloudfront.net/Sun_n_Sand_beta_Sun_n_Sand_beta_wed1.jpg]
[dec1osz9a7g7e.cloudfront.net/Sun_n_Sand_beta_Sun_n_Sand_beta_wed2_.jpg]
[cms.staah.net/sun_n_sand_beta/images/fb/pool1.jpg]
[cms.staah.net/sun_n_sand_beta/images/fb/pool5.jpg]
[www.sunnsandhotel.com/images/8e30d3ba4ad4e1784c4f32459c63c03b.jpg]
[www.sunnsandhotel.com/images/4b44e258f26ac9adc0152449a516f16a.jpg]
[www.sunnsandhotel.com/images/e2284d92ec1197cf9c28453cace51ca2.jpg]
[www.sunnsandhotel.com/images/c1ea4d09c243394c100b8beb7dba1bf3.jpg]
[www.sunnsandhotel.com/images/f1b0d85ff921c2ac212c257e80023220.jpg]
[dec1osz9a7g7e.cloudfront.net/Sun_n_Sand_beta_Sun_n_Sand_beta_pn_wd_bnr.jpg]
[www.sunnsandhotel.com/planawedding.html]
[dec1osz9a7g7e.cloudfront.net/Sun_n_Sand_beta_Sun_n_Sand_beta_promoandcan.jpg]
[www.sunnsandhotel.com/sun and sand takewaymenu.pdf]
[dec1osz9a7g7e.cloudfront.net/Sun_n_Sand_beta_Sun_n_Sand_beta_christmasandprmo.jpg]
[dec1osz9a7g7e.cloudfront.net/Sun_n_Sand_beta_Sun_n_Sand_beta_sunandnandsandandoffer2.jpg]
[dec1osz9a7g7e.cloudfront.net/Sun_n_Sand_beta_Sun_n_Sand_beta_sunandnsandandmumbaiandoffer1.jpg]
[dec1osz9a7g7e.cloudfront.net/Sun_n_Sand_beta_Sun_n_Sand_beta_internationalandteaandday.jpg]
[dec1osz9a7g7e.cloudfront.net/Sun_n_Sand_beta_Sun_n_Sand_beta_weddingbellsandpromotionalpage.jpg]
[dec1osz9a7g7e.cloudfront.net/Sun_n_Sand_beta_Sun_n_Sand_beta_SNSandcalendar.jpg]
[dec1osz9a7g7e.cloudfront.net/Sun_n_Sand_beta_Sun_n_Sand_beta_weddingsunnsandmain1.jpg]
[dec1osz9a7g7e.cloudfront.net/Sun_n_Sand_beta_Sun_n_Sand_beta_singatureandfavouritesandsunnandsand.jpg]
[dec1osz9a7g7e.cloudfront.net/Sun_n_Sand_beta_Sun_n_Sand_beta_sunnsandmorningburst.jpg]
[dec1osz9a7g7e.cloudfront.net/Sun_n_Sand_beta_Sun_n_Sand_beta_mainandofferandleadingandpast.jpg]
[dec1osz9a7g7e.cloudfront.net/Sun_n_Sand_beta_Sun_n_Sand_beta_mainandofferandleadingandpast2.jpg]
[dec1osz9a7g7e.cloudfront.net/Sun_n_Sand_beta_Sun_n_Sand_beta_safteyandmeasuresandresturanrs.jpg]
[dec1osz9a7g7e.cloudfront.net/Sun_n_Sand_beta_Sun_n_Sand_beta_mumabiandtirmasuandmain.jpg]
[dec1osz9a7g7e.cloudfront.net/Sun_n_Sand_beta_Sun_n_Sand_beta_specialanddishandsunandnsandmubai.jpg]
[dec1osz9a7g7e.cloudfront.net/Sun_n_Sand_beta_Sun_n_Sand_beta_mumbaithirpuripropermotion.jpg]
[dec1osz9a7g7e.cloudfront.net/Sun_n_Sand_beta_Sun_n_Sand_beta_Workation11.jpg]
[dec1osz9a7g7e.cloudfront.net/Sun_n_Sand_beta_Sun_n_Sand_beta_reviewandmain.jpg]
[dec1osz9a7g7e.cloudfront.net/Sun_n_Sand_beta_Sun_n_Sand_beta_hotelmains.jpg]
[dec1osz9a7g7e.cloudfront.net/Sun_n_Sand_beta_Sun_n_Sand_beta_chocaltemainwe.jpg]
[dec1osz9a7g7e.cloudfront.net/Sun_n_Sand_beta_Sun_n_Sand_beta_chienkormamains.jpg]
[dec1osz9a7g7e.cloudfront.net/Sun_n_Sand_beta_Sun_n_Sand_beta_minesandok.jpg]
[dec1osz9a7g7e.cloudfront.net/Sun_n_Sand_beta_Sun_n_Sand_beta_diwaliandpackage.jpg]
[dec1osz9a7g7e.cloudfront.net/Sun_n_Sand_beta_Sun_n_Sand_beta_chocaltebox1.jpg]
[dec1osz9a7g7e.cloudfront.net/Sun_n_Sand_beta_Sun_n_Sand_beta_guestandspeakandcns.jpg]
[dec1osz9a7g7e.cloudfront.net/Sun_n_Sand_beta_Sun_n_Sand_beta_carftandwedding2.jpg]
[dec1osz9a7g7e.cloudfront.net/Sun_n_Sand_beta_Sun_n_Sand_beta_creaftandwedding3.jpg]
[dec1osz9a7g7e.cloudfront.net/Sun_n_Sand_beta_Sun_n_Sand_beta_craftandwedding4.jpg]
[dec1osz9a7g7e.cloudfront.net/Sun_n_Sand_beta_Sun_n_Sand_beta_craftandwedding5.jpg]
[dec1osz9a7g7e.cloudfront.net/Sun_n_Sand_beta_Sun_n_Sand_beta_freidayandfrest3.jpg]
[dec1osz9a7g7e.cloudfront.net/Sun_n_Sand_beta_Sun_n_Sand_beta_fridayandfesta1.jpg]
[dec1osz9a7g7e.cloudfront.net/Sun_n_Sand_beta_Sun_n_Sand_beta_coupleofferdriend1.jpg]
[dec1osz9a7g7e.cloudfront.net/Sun_n_Sand_beta_Sun_n_Sand_beta_creativefriends1.jpg]
[dec1osz9a7g7e.cloudfront.net/Sun_n_Sand_beta_Sun_n_Sand_beta_facadeoffers1.jpg]
[dec1osz9a7g7e.cloudfront.net/Sun_n_Sand_beta_Sun_n_Sand_beta_foodoffernewj1.jpg]
[dec1osz9a7g7e.cloudfront.net/Sun_n_Sand_beta_Sun_n_Sand_beta_celebrityvisti.jpg]
[dec1osz9a7g7e.cloudfront.net/Sun_n_Sand_beta_Sun_n_Sand_beta_menussunsunad.jpg]
[dec1osz9a7g7e.cloudfront.net/Sun_n_Sand_beta_Sun_n_Sand_beta_menusunsand12.jpg]
[dec1osz9a7g7e.cloudfront.net/Sun_n_Sand_beta_Sun_n_Sand_beta_haaochireopennew.jpg]
[dec1osz9a7g7e.cloudfront.net/Sun_n_Sand_beta_Sun_n_Sand_beta_weareopen2.jpg]
[dec1osz9a7g7e.cloudfront.net/Sun_n_Sand_beta_Sun_n_Sand_beta_weddingandatandsunandnsand.jpg]
[dec1osz9a7g7e.cloudfront.net/Sun_n_Sand_beta_Sun_n_Sand_beta_sunnsandbeach4.jpg]
[dec1osz9a7g7e.cloudfront.net/Sun_n_Sand_beta_Sun_n_Sand_beta_sunnsandbeach3.jpg]
[dec1osz9a7g7e.cloudfront.net/Sun_n_Sand_beta_Sun_n_Sand_beta_sunnsandbeach2.jpg]
[dec1osz9a7g7e.cloudfront.net/Sun_n_Sand_beta_Sun_n_Sand_beta_sunnsandbeach1.jpg]
[dec1osz9a7g7e.cloudfront.net/Sun_n_Sand_beta_Sun_n_Sand_beta_TrioandFlavouredandTigerandPrawns.jpg]
[dec1osz9a7g7e.cloudfront.net/Sun_n_Sand_beta_Sun_n_Sand_beta_sundaandmenu1.jpg]
[dec1osz9a7g7e.cloudfront.net/Sun_n_Sand_beta_Sun_n_Sand_beta_sundayandmenu2.jpg]
[dec1osz9a7g7e.cloudfront.net/Sun_n_Sand_beta_Sun_n_Sand_beta_KoftaeNafess.jpg]
[dec1osz9a7g7e.cloudfront.net/Sun_n_Sand_beta_Sun_n_Sand_beta_ipl2.jpg]
[dec1osz9a7g7e.cloudfront.net/Sun_n_Sand_beta_Sun_n_Sand_beta_ipl1.jpg]
[dec1osz9a7g7e.cloudfront.net/Sun_n_Sand_beta_Sun_n_Sand_beta_breakfastandandbed.jpg]
[dec1osz9a7g7e.cloudfront.net/Sun_n_Sand_beta_Sun_n_Sand_beta_inhousebakery2.jpg]
[dec1osz9a7g7e.cloudfront.net/Sun_n_Sand_beta_Sun_n_Sand_beta_meetingsandrooms.jpg]
[dec1osz9a7g7e.cloudfront.net/Sun_n_Sand_beta_Sun_n_Sand_beta_fishandchips.jpg]
[dec1osz9a7g7e.cloudfront.net/Sun_n_Sand_beta_Sun_n_Sand_beta_destinationandwedding.jpg]
[dec1osz9a7g7e.cloudfront.net/Sun_n_Sand_beta_Sun_n_Sand_beta_beaachrfrontandotels.jpg]
[dec1osz9a7g7e.cloudfront.net/Sun_n_Sand_beta_Sun_n_Sand_beta_Pomodori_Pasta.jpg]
[dec1osz9a7g7e.cloudfront.net/Sun_n_Sand_beta_Sun_n_Sand_beta_sunandnsandandcalender.jpg]
[dec1osz9a7g7e.cloudfront.net/Sun_n_Sand_beta_Sun_n_Sand_beta_Sun_and_SandandCalender_Aug_Postand01.jpg]
[dec1osz9a7g7e.cloudfront.net/Sun_n_Sand_beta_Sun_n_Sand_beta_Sun_and_SandandCalender_Aug_Postand03.jpg]
[dec1osz9a7g7e.cloudfront.net/Sun_n_Sand_beta_Sun_n_Sand_beta_Sun_and_SandandCalender_Aug_Postand04.jpg]
[dec1osz9a7g7e.cloudfront.net/Sun_n_Sand_beta_Sun_n_Sand_beta_Sun_and_SandandCalender_Aug_Postand05.jpg]
[dec1osz9a7g7e.cloudfront.net/Sun_n_Sand_beta_Sun_n_Sand_beta_Sun_and_SandandCalender_Aug_Postand07.jpg]
[dec1osz9a7g7e.cloudfront.net/Sun_n_Sand_beta_Sun_n_Sand_beta_Sun_and_SandandCalender_Aug_Postand09.jpg]
[dec1osz9a7g7e.cloudfront.net/Sun_n_Sand_beta_Sun_n_Sand_beta_Sun_and_SandandCalender_Aug_Postand08.jpg]
[dec1osz9a7g7e.cloudfront.net/Sun_n_Sand_beta_Sun_n_Sand_beta_wfhandmenu1.jpg]
[dec1osz9a7g7e.cloudfront.net/Sun_n_Sand_beta_Sun_n_Sand_beta_fridayandfiest2.jpg]
[dec1osz9a7g7e.cloudfront.net/Sun_n_Sand_beta_Sun_n_Sand_beta_fridayandfiesta1.jpg]
[dec1osz9a7g7e.cloudfront.net/Sun_n_Sand_beta_Sun_n_Sand_beta_SetandMenuandRev.jpg]
[dec1osz9a7g7e.cloudfront.net/Sun_n_Sand_beta_Sun_n_Sand_beta_advacneandpurchaseandpromtion.jpg]
[dec1osz9a7g7e.cloudfront.net/Sun_n_Sand_beta_Sun_n_Sand_beta_newandfinalandstandeemain.jpg]
[www.sunnsandhotel.com/promotions.html]
[www.sunnsandhotel.com/images/big_1a1b2a18b6fe823ad8cd227cfc10adf2_thumb.jpg]
[cdn.jsdelivr.net/npm/@fancyapps/fancybox@3.5.7/dist/jquery.fancybox.min.css]
[www.sunnsandhotel.com/images/63daa7e41f8b599363119761dc0578a1.jpg]
[cdn.jsdelivr.net/npm/@fancyapps/fancybox@3.5.7/dist/jquery.fancybox.min.js]
[www.sunnsandhotel.com/images/midium_63daa7e41f8b599363119761dc0578a1_thumb.jpg]
[www.sunnsandhotel.com/images/6451463747e897dc5af38206496332fc.jpg]
[www.sunnsandhotel.com/images/midium_6451463747e897dc5af38206496332fc_thumb.jpg]
[www.sunnsandhotel.com/images/b318261eef427db6b4b478940ae2bb7d.jpg]
[www.sunnsandhotel.com/images/midium_b318261eef427db6b4b478940ae2bb7d_thumb.jpg]
[www.sunnsandhotel.com/images/20e6ad3dbe787d48578d35be29018470.jpg]
[www.sunnsandhotel.com/images/midium_20e6ad3dbe787d48578d35be29018470_thumb.jpg]
[www.sunnsandhotel.com/images/74daf505134d1c6e05fc17dc948a6a96.jpg]
[www.sunnsandhotel.com/images/midium_74daf505134d1c6e05fc17dc948a6a96_thumb.jpg]
[www.sunnsandhotel.com/images/1646e662af8173fe14885f47ec4e18ab.jpg]
[www.sunnsandhotel.com/images/midium_1646e662af8173fe14885f47ec4e18ab_thumb.jpg]
[www.sunnsandhotel.com/images/07890433c93e2b89e5550065e2300cbc.jpg]
[www.sunnsandhotel.com/images/midium_07890433c93e2b89e5550065e2300cbc_thumb.jpg]
[www.sunnsandhotel.com/images/fea7cbb28d9ad7fa228cf1d28e8286d8.jpg]
[www.sunnsandhotel.com/images/midium_fea7cbb28d9ad7fa228cf1d28e8286d8_thumb.jpg]
[www.sunnsandhotel.com/images/b55e6579ef111a3c24a6b1fc4c74a5b4.jpg]
[www.sunnsandhotel.com/images/midium_b55e6579ef111a3c24a6b1fc4c74a5b4_thumb.jpg]
[www.sunnsandhotel.com/images/740c5326f7dd43d27b1b5319f6acc1ba.jpg]
[www.sunnsandhotel.com/images/midium_740c5326f7dd43d27b1b5319f6acc1ba_thumb.jpg]
[www.sunnsandhotel.com/images/1c79c18579b08ec43c5aa785353ae265.jpg]
[www.sunnsandhotel.com/images/midium_1c79c18579b08ec43c5aa785353ae265_thumb.jpg]
[www.sunnsandhotel.com/images/968e0d6b802a4256afeb04cb57a109f2.jpg]
[www.sunnsandhotel.com/images/midium_968e0d6b802a4256afeb04cb57a109f2_thumb.jpg]
[www.sunnsandhotel.com/images/887f1aabb8b49c558f749f73ea8fb9c4.jpg]
[www.sunnsandhotel.com/images/midium_887f1aabb8b49c558f749f73ea8fb9c4_thumb.jpg]
[www.sunnsandhotel.com/images/ae33ad96569f8436709b657d7dcd9a7e.jpg]
[www.sunnsandhotel.com/images/midium_ae33ad96569f8436709b657d7dcd9a7e_thumb.jpg]
[www.sunnsandhotel.com/images/ce69f4b92b311ef60bac682de3d65b24.jpg]
[www.sunnsandhotel.com/images/midium_ce69f4b92b311ef60bac682de3d65b24_thumb.jpg]
[www.sunnsandhotel.com/images/d051b837418f08e3ef44b5bdfbae450b.jpg]
[www.sunnsandhotel.com/images/midium_d051b837418f08e3ef44b5bdfbae450b_thumb.jpg]
[www.sunnsandhotel.com/images/32444323ce5b64022ffd6370fe910270.jpg]
[www.sunnsandhotel.com/images/midium_32444323ce5b64022ffd6370fe910270_thumb.jpg]
[www.sunnsandhotel.com/images/ba3bef699eaac643599a5e80d1a6602a.jpg]
[www.sunnsandhotel.com/images/midium_ba3bef699eaac643599a5e80d1a6602a_thumb.jpg]
[www.sunnsandhotel.com/images/f2387be271a8d2fd31b7168c11a2c307.jpg]
[www.sunnsandhotel.com/images/midium_f2387be271a8d2fd31b7168c11a2c307_thumb.jpg]
[www.sunnsandhotel.com/images/b34aaa83b0e2c4951aa7d3fe341c8903.jpg]
[www.sunnsandhotel.com/images/midium_b34aaa83b0e2c4951aa7d3fe341c8903_thumb.jpg]
[www.sunnsandhotel.com/images/826d1d6204d26f6797f9ac074221be4a.jpg]
[www.sunnsandhotel.com/images/midium_826d1d6204d26f6797f9ac074221be4a_thumb.jpg]
[www.sunnsandhotel.com/images/e7675365e2a527f3f3d09a32c16f819b.jpg]
[www.sunnsandhotel.com/images/midium_e7675365e2a527f3f3d09a32c16f819b_thumb.jpg]
[www.sunnsandhotel.com/images/f4953893a3be92653669fa7514235423.jpg]
[www.sunnsandhotel.com/images/midium_f4953893a3be92653669fa7514235423_thumb.jpg]
[www.sunnsandhotel.com/images/d1f38464f850c546b660313e9fb16123.jpg]
[www.sunnsandhotel.com/images/midium_d1f38464f850c546b660313e9fb16123_thumb.jpg]
[www.sunnsandhotel.com/images/ccca2f4523b846ef34b98c41231a5df5.jpg]
[www.sunnsandhotel.com/images/midium_ccca2f4523b846ef34b98c41231a5df5_thumb.jpg]
[www.sunnsandhotel.com/images/6e3f6fdb32c6e7d9f5377dc7380a6a0f.jpg]
[www.sunnsandhotel.com/images/midium_6e3f6fdb32c6e7d9f5377dc7380a6a0f_thumb.jpg]
[www.sunnsandhotel.com/images/3418fa777de4d9aca5f008d1dcdc74bf.jpg]
[www.sunnsandhotel.com/images/midium_3418fa777de4d9aca5f008d1dcdc74bf_thumb.jpg]
[www.sunnsandhotel.com/images/99a9c2c7e9e0b7e3ba1f94404f5d70a6.jpg]
[www.sunnsandhotel.com/images/midium_99a9c2c7e9e0b7e3ba1f94404f5d70a6_thumb.jpg]
[www.sunnsandhotel.com/images/2351022f178abc1e392f28304e7c6c05.jpg]
[www.sunnsandhotel.com/images/midium_2351022f178abc1e392f28304e7c6c05_thumb.jpg]
[www.sunnsandhotel.com/images/284f6909121803e5c6154c592ff476ca.jpg]
[www.sunnsandhotel.com/images/midium_284f6909121803e5c6154c592ff476ca_thumb.jpg]
[www.sunnsandhotel.com/images/41577d16e6b48e185970548d0c09b813.jpg]
[www.sunnsandhotel.com/images/midium_41577d16e6b48e185970548d0c09b813_thumb.jpg]
[www.sunnsandhotel.com/images/815c8554b16b0536fc08ebcfb83075e5.jpg]
[www.sunnsandhotel.com/images/midium_815c8554b16b0536fc08ebcfb83075e5_thumb.jpg]
[www.sunnsandhotel.com/images/5d1699e2c60ed8c453c301ea1d33be0e.jpg]
[www.sunnsandhotel.com/images/midium_5d1699e2c60ed8c453c301ea1d33be0e_thumb.jpg]
[www.sunnsandhotel.com/images/f0be0b1ef1190e5e1e7b93cbc2bca84e.jpg]
[www.sunnsandhotel.com/images/midium_f0be0b1ef1190e5e1e7b93cbc2bca84e_thumb.jpg]
[www.sunnsandhotel.com/images/75ebadc1bc73d313a4b4972cbaea2804.jpg]
[www.sunnsandhotel.com/images/midium_75ebadc1bc73d313a4b4972cbaea2804_thumb.jpg]
[www.sunnsandhotel.com/images/b2ceb41b12d9b4c2eec218339a0c9a1f.jpg]
[www.sunnsandhotel.com/images/midium_b2ceb41b12d9b4c2eec218339a0c9a1f_thumb.jpg]
[www.sunnsandhotel.com/images/cbffd769ba507fdc60c39e3f8865b1fe.jpg]
[www.sunnsandhotel.com/images/midium_cbffd769ba507fdc60c39e3f8865b1fe_thumb.jpg]
[www.sunnsandhotel.com/images/a7e86e7d06ec7c04f7d60b5102a9ed06.jpg]
[www.sunnsandhotel.com/images/midium_a7e86e7d06ec7c04f7d60b5102a9ed06_thumb.jpg]
[www.sunnsandhotel.com/images/f01d7d78f9275a99faf0f754f5b6e388.jpg]
[www.sunnsandhotel.com/images/midium_f01d7d78f9275a99faf0f754f5b6e388_thumb.jpg]
[www.sunnsandhotel.com/gallery.html]
[dec1osz9a7g7e.cloudfront.net/Sun_n_Sand_beta_Sun_n_Sand_beta_contactandcan.jpg]
[www.sunnsandhotel.com/contact.html]
[www.sunnsandhotel.com/about.html]
[cdnjs.cloudflare.com/ajax/libs/fancybox/2.1.7/images/fancybox/fancybox_sprite.png]
[cdnjs.cloudflare.com/ajax/libs/fancybox/2.1.7/images/fancybox/fancybox_loading.gif]
[cdnjs.cloudflare.com/ajax/libs/fancybox/2.1.7/images/fancybox/blank.gif]
[cdnjs.cloudflare.com/ajax/libs/fancybox/2.1.7/images/fancybox/fancybox_overlay.png]
[cdnjs.cloudflare.com/ajax/libs/fancybox/2.1.7/images/fancybox/fancybox_sprite@2x.png]
[cdnjs.cloudflare.com/ajax/libs/fancybox/2.1.7/images/fancybox/fancybox_loading@2x.gif]
[cdnjs.cloudflare.com/ajax/libs/fancybox/2.1.7/css/jquery.fancybox.min.css]
[www.sunnsandhotel.com/fonts/fontawesome-webfont3e6e.html]
[www.sunnsandhotel.com/fonts/fontawesome-webfont3e6e-2.html]
[cdnjs.cloudflare.com/ajax/libs/fancybox/2.1.7/images/fancybox/fancybox_buttons.png]
[www.sunnsandhotel.com/fonts/fontawesome-webfont3e6e.woff]
[www.sunnsandhotel.com/fonts/fontawesome-webfont3e6e.svg]
[www.sunnsandhotel.com/css/animate.css]
[www.sunnsandhotel.com/fonts/woff2-cffbased/BebasNeue-Regular.html]
[www.sunnsandhotel.com/css/images/404bg.html]
[www.sunnsandhotel.com/css/innerpage.css]
[www.sunnsandhotel.com/images/section1.jpg]
[www.sunnsandhotel.com/shirdi/fonts/fontawesome-webfont3e6e.eot]
[www.sunnsandhotel.com/shirdi/fonts/fontawesome-webfontd41d.eot]
[www.sunnsandhotel.com/shirdi/css/font-awesome.min.css]
[www.sunnsandhotel.com/shirdi/css/animate.css]
[www.sunnsandhotel.com/shirdi/fonts/eot/BebasNeue-Regular.eot]
[www.sunnsandhotel.com/shirdi/fonts/woff-cffbased/BebasNeue-Regular.woff]
[dec1osz9a7g7e.cloudfront.net/sun_n_sand_shirdi_sun_n_sand_shirdi_hm_estr_bnr.jpg]
[www.sunnsandhotel.com/shirdi/images/accomodation.jpg]
[www.sunnsandhotel.com/shirdi/images/banquets.jpg]
[dec1osz9a7g7e.cloudfront.net/sun_n_sand_shirdi_sun_n_sand_shirdi_scrolldown.png]
[www.sunnsandhotel.com/shirdi/css/style.css]
[www.sunnsandhotel.com/shirdi/index-2.html]
[www.sunnsandhotel.com/shirdi/css/innerpage.css]
[dec1osz9a7g7e.cloudfront.net/sun_n_sand_shirdi_sun_n_sand_shirdi_acco_bnr.jpg]
[dec1osz9a7g7e.cloudfront.net/sun_n_sand_shirdi_sun_n_sand_shirdi_acco_superior_rooms.jpg]
[dec1osz9a7g7e.cloudfront.net/sun_n_sand_shirdi_sun_n_sand_shirdi_acco_pool_view.jpg]
[dec1osz9a7g7e.cloudfront.net/sun_n_sand_shirdi_sun_n_sand_shirdi_acco_garden_room.jpg]
[dec1osz9a7g7e.cloudfront.net/sun_n_sand_shirdi_sun_n_sand_shirdi_acco_superior_rooms1.jpg]
[dec1osz9a7g7e.cloudfront.net/sun_n_sand_shirdi_sun_n_sand_shirdi_acco_superior_rooms2.jpg]
[dec1osz9a7g7e.cloudfront.net/sun_n_sand_shirdi_sun_n_sand_shirdi_acco_superior_rooms3.jpg]
[dec1osz9a7g7e.cloudfront.net/sun_n_sand_shirdi_sun_n_sand_shirdi_acco_superior_rooms4.jpg]
[dec1osz9a7g7e.cloudfront.net/sun_n_sand_shirdi_sun_n_sand_shirdi_acco_superior_rooms5.jpg]
[www.sunnsandhotel.com/shirdi/accommodation.html]
[dec1osz9a7g7e.cloudfront.net/sun_n_sand_shirdi_sun_n_sand_shirdi_oy.jpg]
[dec1osz9a7g7e.cloudfront.net/sun_n_sand_shirdi_sun_n_sand_shirdi_checkers_hm.jpg]
[dec1osz9a7g7e.cloudfront.net/sun_n_sand_shirdi_sun_n_sand_shirdi_little_italy_hm.jpg]
[dec1osz9a7g7e.cloudfront.net/sun_n_sand_shirdi_sun_n_sand_shirdi_checkers_pg2.jpg]
[dec1osz9a7g7e.cloudfront.net/sun_n_sand_shirdi_sun_n_sand_shirdi_checkers_pg3.jpg]
[dec1osz9a7g7e.cloudfront.net/sun_n_sand_shirdi_sun_n_sand_shirdi_checkers_pg4.jpg]
[dec1osz9a7g7e.cloudfront.net/sun_n_sand_shirdi_sun_n_sand_shirdi_checkers_pg5.jpg]
[dec1osz9a7g7e.cloudfront.net/sun_n_sand_shirdi_sun_n_sand_shirdi_little_italy2.jpg]
[dec1osz9a7g7e.cloudfront.net/sun_n_sand_shirdi_sun_n_sand_shirdi_little_italy3.jpg]
[dec1osz9a7g7e.cloudfront.net/sun_n_sand_shirdi_sun_n_sand_shirdi_little_italy4.jpg]
[dec1osz9a7g7e.cloudfront.net/sun_n_sand_shirdi_sun_n_sand_shirdi_little_italy5.jpg]
[www.sunnsandhotel.com/shirdi/f-n-b.html]
[dec1osz9a7g7e.cloudfront.net/sun_n_sand_shirdi_sun_n_sand_shirdi_bnqt_bnr.jpg]
[dec1osz9a7g7e.cloudfront.net/sun_n_sand_shirdi_sun_n_sand_shirdi_bnqt_bnr1.jpg]
[dec1osz9a7g7e.cloudfront.net/sun_n_sand_shirdi_sun_n_sand_shirdi_bnqt_bnr2.jpg]
[dec1osz9a7g7e.cloudfront.net/sun_n_sand_shirdi_sun_n_sand_shirdi_bnqt_bnr3.jpg]
[www.sunnsandhotel.com/shirdi/banquets.html]
[dec1osz9a7g7e.cloudfront.net/sun_n_sand_shirdi_sun_n_sand_shirdi_shirdireviews.jpg]
[dec1osz9a7g7e.cloudfront.net/sun_n_sand_shirdi_sun_n_sand_shirdi_shirdiandopeningrateandsunnsand.jpg]
[dec1osz9a7g7e.cloudfront.net/sun_n_sand_shirdi_sun_n_sand_shirdi_sunandnsandandshirdiandspecialandoffers1.jpg]
[dec1osz9a7g7e.cloudfront.net/sun_n_sand_shirdi_sun_n_sand_shirdi_shirdiandpromotin1.jpg]
[dec1osz9a7g7e.cloudfront.net/sun_n_sand_shirdi_sun_n_sand_shirdi_shirdiandsaiandbabaandnew1.jpg]
[dec1osz9a7g7e.cloudfront.net/sun_n_sand_shirdi_sun_n_sand_shirdi_shirdiandsaiandbabaandnew2.jpg]
[dec1osz9a7g7e.cloudfront.net/sun_n_sand_shirdi_sun_n_sand_shirdi_shirdiandsaiandbabaandnew3.jpg]
[dec1osz9a7g7e.cloudfront.net/sun_n_sand_shirdi_sun_n_sand_shirdi_shirdiandsaiandbabaandnew4.jpg]
[dec1osz9a7g7e.cloudfront.net/sun_n_sand_shirdi_sun_n_sand_shirdi_shirdhitempleandnew.jpg]
[dec1osz9a7g7e.cloudfront.net/sun_n_sand_shirdi_sun_n_sand_shirdi_sunandnsundandshirdiandmains.jpg]
[dec1osz9a7g7e.cloudfront.net/sun_n_sand_shirdi_sun_n_sand_shirdi_shridipromote.jpg]
[dec1osz9a7g7e.cloudfront.net/sun_n_sand_shirdi_sun_n_sand_shirdi_shridinew1.jpg]
[dec1osz9a7g7e.cloudfront.net/sun_n_sand_shirdi_sun_n_sand_shirdi_shridi3.jpg]
[dec1osz9a7g7e.cloudfront.net/sun_n_sand_shirdi_sun_n_sand_shirdi_shridiandtakewayandmeu1.jpg]
[dec1osz9a7g7e.cloudfront.net/sun_n_sand_shirdi_sun_n_sand_shirdi_shridiandtakewayandmeu2.jpg]
[dec1osz9a7g7e.cloudfront.net/sun_n_sand_shirdi_sun_n_sand_shirdi_shridiandtakewayandmeu3.jpg]
[dec1osz9a7g7e.cloudfront.net/sun_n_sand_shirdi_sun_n_sand_shirdi_shridiandtakewayandmeu4.jpg]
[dec1osz9a7g7e.cloudfront.net/sun_n_sand_shirdi_sun_n_sand_shirdi_Final_Billboard_1.jpg]
[dec1osz9a7g7e.cloudfront.net/sun_n_sand_shirdi_sun_n_sand_shirdi_shirdi.jpg]
[www.sunnsandhotel.com/shirdi/promotions.html]
[www.sunnsandhotel.com/shirdi/images/big_a7c84ec0aa34b114efc83abc984b6c5b_thumb.jpg]
[www.sunnsandhotel.com/shirdi/images/c93242b7f5d24bbb6c2463606a980331.jpg]
[www.sunnsandhotel.com/shirdi/images/midium_c93242b7f5d24bbb6c2463606a980331_thumb.jpg]
[www.sunnsandhotel.com/shirdi/images/e9fa6a5d1a89c4cf5f89ed356da98a45.jpg]
[www.sunnsandhotel.com/shirdi/images/midium_e9fa6a5d1a89c4cf5f89ed356da98a45_thumb.jpg]
[www.sunnsandhotel.com/shirdi/images/290beea0ae70ea8b9f88ce0b9e6830fb.jpg]
[www.sunnsandhotel.com/shirdi/images/midium_290beea0ae70ea8b9f88ce0b9e6830fb_thumb.jpg]
[www.sunnsandhotel.com/shirdi/images/eee35aaf0775c08c974c1efe4c42b1c5.jpg]
[www.sunnsandhotel.com/shirdi/images/midium_eee35aaf0775c08c974c1efe4c42b1c5_thumb.jpg]
[www.sunnsandhotel.com/shirdi/images/b5b34f662d2d0b87f14dd842f3c2b7db.jpg]
[www.sunnsandhotel.com/shirdi/images/midium_b5b34f662d2d0b87f14dd842f3c2b7db_thumb.jpg]
[www.sunnsandhotel.com/shirdi/images/088c081df7ff587c41a22ffaf109fe10.jpg]
[www.sunnsandhotel.com/shirdi/images/midium_088c081df7ff587c41a22ffaf109fe10_thumb.jpg]
[www.sunnsandhotel.com/shirdi/images/672cd9fbfd8c9187ca181a60b729e1b8.jpg]
[www.sunnsandhotel.com/shirdi/images/midium_672cd9fbfd8c9187ca181a60b729e1b8_thumb.jpg]
[www.sunnsandhotel.com/shirdi/images/d364af4c12765c425e42287f25f461f9.jpg]
[www.sunnsandhotel.com/shirdi/images/midium_d364af4c12765c425e42287f25f461f9_thumb.jpg]
[www.sunnsandhotel.com/shirdi/images/5edbe672dce725cff9bded134abfa534.jpg]
[www.sunnsandhotel.com/shirdi/images/midium_5edbe672dce725cff9bded134abfa534_thumb.jpg]
[www.sunnsandhotel.com/shirdi/images/ac7bbb240fb7acbd05f198ab321ee30b.jpg]
[www.sunnsandhotel.com/shirdi/images/midium_ac7bbb240fb7acbd05f198ab321ee30b_thumb.jpg]
[www.sunnsandhotel.com/shirdi/images/409dc69a93d4fce51cfdca29f37286dd.jpg]
[www.sunnsandhotel.com/shirdi/images/midium_409dc69a93d4fce51cfdca29f37286dd_thumb.jpg]
[www.sunnsandhotel.com/shirdi/gallery.html]
[dec1osz9a7g7e.cloudfront.net/sun_n_sand_shirdi_sun_n_sand_shirdi_cnt_bnr_nw.jpg]
[www.sunnsandhotel.com/shirdi/contact.html]
[www.sunnsandhotel.com/shirdi/about.html]
[cdn.jsdelivr.net/npm/@fancyapps/fancybox@3.5.7/dist/jquery.fancybox.min.css]
[www.sunnsandhotel.com/shirdi/fonts/fontawesome-webfont3e6e.html]
[www.sunnsandhotel.com/images/banquet/wed2.jpg]
[www.sunnsandhotel.com/shirdi/fonts/fontawesome-webfont3e6e.woff]
[www.sunnsandhotel.com/shirdi/fonts/fontawesome-webfont3e6e-2.html]
[www.sunnsandhotel.com/shirdi/fonts/fontawesome-webfont3e6e.svg]
[www.sunnsandhotel.com/shirdi/fonts/woff2-cffbased/BebasNeue-Regular.html]
[www.sunnsandhotel.com/shirdi/images/dining.jpg]
[www.sunnsandhotel.com/shirdi/css/images/404bg.html]
[www.sunnsandhotel.com/shirdi/css/innerpage.css]
